2026-08-07 19:24:23.030192 - {'name': 'golang', 'version': 4}
2026-08-07 19:24:23.541353 - {'name': 'golang', 'version': 4}
2026-08-07 19:24:24.043360 - {'name': 'c', 'version': 3}
2026-08-07 19:24:24.542784 - {'name': 'c', 'version': 3}
2026-08-07 19:24:25.043825 - {'name': 'golang', 'version': 4}
2026-08-07 19:24:25.545220 - {'name': 'python', 'version': 2}
2026-08-07 19:24:26.045869 - {'name': 'golang', 'version': 4}
2026-08-07 19:24:26.547824 - {'name': 'c', 'version': 3}
2026-08-07 19:24:27.048412 - {'name': 'python', 'version': 2}
2026-08-07 19:24:27.549128 - {'name': 'c', 'version': 3}
